Archive member included to satisfy reference by file (symbol)

d:/dev/qrs/gcc-arm-none-eabi-10.3-2021.10-win32/gcc-arm-none-eabi-10.3-2021.10/bin/../lib/gcc/arm-none-eabi/10.3.1/../../../../arm-none-eabi/lib/thumb/v7-m/nofp\libg.a(lib_a-errno.o)
                              CMakeFiles/STM32-Clion.elf.dir/Core/Src/syscalls.c.obj (__errno)
d:/dev/qrs/gcc-arm-none-eabi-10.3-2021.10-win32/gcc-arm-none-eabi-10.3-2021.10/bin/../lib/gcc/arm-none-eabi/10.3.1/../../../../arm-none-eabi/lib/thumb/v7-m/nofp\libg.a(lib_a-exit.o)
                              d:/dev/qrs/gcc-arm-none-eabi-10.3-2021.10-win32/gcc-arm-none-eabi-10.3-2021.10/bin/../lib/gcc/arm-none-eabi/10.3.1/../../../../arm-none-eabi/lib/thumb/v7-m/nofp/crt0.o (exit)
d:/dev/qrs/gcc-arm-none-eabi-10.3-2021.10-win32/gcc-arm-none-eabi-10.3-2021.10/bin/../lib/gcc/arm-none-eabi/10.3.1/../../../../arm-none-eabi/lib/thumb/v7-m/nofp\libg.a(lib_a-impure.o)
                              d:/dev/qrs/gcc-arm-none-eabi-10.3-2021.10-win32/gcc-arm-none-eabi-10.3-2021.10/bin/../lib/gcc/arm-none-eabi/10.3.1/../../../../arm-none-eabi/lib/thumb/v7-m/nofp\libg.a(lib_a-exit.o) (_global_impure_ptr)
d:/dev/qrs/gcc-arm-none-eabi-10.3-2021.10-win32/gcc-arm-none-eabi-10.3-2021.10/bin/../lib/gcc/arm-none-eabi/10.3.1/../../../../arm-none-eabi/lib/thumb/v7-m/nofp\libg.a(lib_a-init.o)
                              d:/dev/qrs/gcc-arm-none-eabi-10.3-2021.10-win32/gcc-arm-none-eabi-10.3-2021.10/bin/../lib/gcc/arm-none-eabi/10.3.1/../../../../arm-none-eabi/lib/thumb/v7-m/nofp/crt0.o (__libc_init_array)
d:/dev/qrs/gcc-arm-none-eabi-10.3-2021.10-win32/gcc-arm-none-eabi-10.3-2021.10/bin/../lib/gcc/arm-none-eabi/10.3.1/../../../../arm-none-eabi/lib/thumb/v7-m/nofp\libg.a(lib_a-memset.o)
                              d:/dev/qrs/gcc-arm-none-eabi-10.3-2021.10-win32/gcc-arm-none-eabi-10.3-2021.10/bin/../lib/gcc/arm-none-eabi/10.3.1/../../../../arm-none-eabi/lib/thumb/v7-m/nofp/crt0.o (memset)
d:/dev/qrs/gcc-arm-none-eabi-10.3-2021.10-win32/gcc-arm-none-eabi-10.3-2021.10/bin/../lib/gcc/arm-none-eabi/10.3.1/../../../../arm-none-eabi/lib/thumb/v7-m/nofp\libg.a(lib_a-__call_atexit.o)
                              d:/dev/qrs/gcc-arm-none-eabi-10.3-2021.10-win32/gcc-arm-none-eabi-10.3-2021.10/bin/../lib/gcc/arm-none-eabi/10.3.1/../../../../arm-none-eabi/lib/thumb/v7-m/nofp\libg.a(lib_a-exit.o) (__call_exitprocs)
d:/dev/qrs/gcc-arm-none-eabi-10.3-2021.10-win32/gcc-arm-none-eabi-10.3-2021.10/bin/../lib/gcc/arm-none-eabi/10.3.1/../../../../arm-none-eabi/lib/thumb/v7-m/nofp\libg.a(lib_a-atexit.o)
                              d:/dev/qrs/gcc-arm-none-eabi-10.3-2021.10-win32/gcc-arm-none-eabi-10.3-2021.10/bin/../lib/gcc/arm-none-eabi/10.3.1/../../../../arm-none-eabi/lib/thumb/v7-m/nofp\libg.a(lib_a-__call_atexit.o) (atexit)
d:/dev/qrs/gcc-arm-none-eabi-10.3-2021.10-win32/gcc-arm-none-eabi-10.3-2021.10/bin/../lib/gcc/arm-none-eabi/10.3.1/../../../../arm-none-eabi/lib/thumb/v7-m/nofp\libg.a(lib_a-fini.o)
                              d:/dev/qrs/gcc-arm-none-eabi-10.3-2021.10-win32/gcc-arm-none-eabi-10.3-2021.10/bin/../lib/gcc/arm-none-eabi/10.3.1/../../../../arm-none-eabi/lib/thumb/v7-m/nofp\libg.a(lib_a-__call_atexit.o) (__libc_fini_array)
d:/dev/qrs/gcc-arm-none-eabi-10.3-2021.10-win32/gcc-arm-none-eabi-10.3-2021.10/bin/../lib/gcc/arm-none-eabi/10.3.1/../../../../arm-none-eabi/lib/thumb/v7-m/nofp\libg.a(lib_a-lock.o)
                              d:/dev/qrs/gcc-arm-none-eabi-10.3-2021.10-win32/gcc-arm-none-eabi-10.3-2021.10/bin/../lib/gcc/arm-none-eabi/10.3.1/../../../../arm-none-eabi/lib/thumb/v7-m/nofp\libg.a(lib_a-__call_atexit.o) (__retarget_lock_acquire_recursive)
d:/dev/qrs/gcc-arm-none-eabi-10.3-2021.10-win32/gcc-arm-none-eabi-10.3-2021.10/bin/../lib/gcc/arm-none-eabi/10.3.1/../../../../arm-none-eabi/lib/thumb/v7-m/nofp\libg.a(lib_a-__atexit.o)
                              d:/dev/qrs/gcc-arm-none-eabi-10.3-2021.10-win32/gcc-arm-none-eabi-10.3-2021.10/bin/../lib/gcc/arm-none-eabi/10.3.1/../../../../arm-none-eabi/lib/thumb/v7-m/nofp\libg.a(lib_a-atexit.o) (__register_exitproc)

Discarded input sections

 .text          0x00000000        0x0 d:/dev/qrs/gcc-arm-none-eabi-10.3-2021.10-win32/gcc-arm-none-eabi-10.3-2021.10/bin/../lib/gcc/arm-none-eabi/10.3.1/thumb/v7-m/nofp/crti.o
 .data          0x00000000        0x0 d:/dev/qrs/gcc-arm-none-eabi-10.3-2021.10-win32/gcc-arm-none-eabi-10.3-2021.10/bin/../lib/gcc/arm-none-eabi/10.3.1/thumb/v7-m/nofp/crti.o
 .bss           0x00000000        0x0 d:/dev/qrs/gcc-arm-none-eabi-10.3-2021.10-win32/gcc-arm-none-eabi-10.3-2021.10/bin/../lib/gcc/arm-none-eabi/10.3.1/thumb/v7-m/nofp/crti.o
 .text          0x00000000       0x40 d:/dev/qrs/gcc-arm-none-eabi-10.3-2021.10-win32/gcc-arm-none-eabi-10.3-2021.10/bin/../lib/gcc/arm-none-eabi/10.3.1/thumb/v7-m/nofp/crtbegin.o
 .data          0x00000000        0x4 d:/dev/qrs/gcc-arm-none-eabi-10.3-2021.10-win32/gcc-arm-none-eabi-10.3-2021.10/bin/../lib/gcc/arm-none-eabi/10.3.1/thumb/v7-m/nofp/crtbegin.o
[...]
Memory Configuration

Name             Origin             Length             Attributes
RAM              0x20000000         0x00010000         xrw
FLASH            0x08000000         0x00080000         xr
*default*        0x00000000         0xffffffff

Linker script and memory map

LOAD d:/dev/qrs/gcc-arm-none-eabi-10.3-2021.10-win32/gcc-arm-none-eabi-10.3-2021.10/bin/../lib/gcc/arm-none-eabi/10.3.1/thumb/v7-m/nofp/crti.o
LOAD d:/dev/qrs/gcc-arm-none-eabi-10.3-2021.10-win32/gcc-arm-none-eabi-10.3-2021.10/bin/../lib/gcc/arm-none-eabi/10.3.1/thumb/v7-m/nofp/crtbegin.o
LOAD d:/dev/qrs/gcc-arm-none-eabi-10.3-2021.10-win32/gcc-arm-none-eabi-10.3-2021.10/bin/../lib/gcc/arm-none-eabi/10.3.1/../../../../arm-none-eabi/lib/thumb/v7-m/nofp/crt0.o
LOAD CMakeFiles/STM32-Clion.elf.dir/Core/Src/gpio.c.obj
LOAD CMakeFiles/STM32-Clion.elf.dir/Core/Src/key.c.obj
LOAD CMakeFiles/STM32-Clion.elf.dir/Core/Src/led.c.obj
LOAD CMakeFiles/STM32-Clion.elf.dir/Core/Src/main.c.obj
LOAD CMakeFiles/STM32-Clion.elf.dir/Core/Src/stm32f1xx_hal_msp.c.obj
LOAD CMakeFiles/STM32-Clion.elf.dir/Core/Src/stm32f1xx_it.c.obj
LOAD CMakeFiles/STM32-Clion.elf.dir/Core/Src/syscalls.c.obj
LOAD CMakeFiles/STM32-Clion.elf.dir/Core/Src/sysmem.c.obj
LOAD CMakeFiles/STM32-Clion.elf.dir/Core/Src/system_stm32f1xx.c.obj
LOAD CMakeFiles/STM32-Clion.elf.dir/Core/Startup/startup_stm32f103zetx.s.obj
LOAD CMakeFiles/STM32-Clion.elf.dir/Drivers/STM32F1xx_HAL_Driver/Src/stm32f1xx_hal.c.obj
LOAD CMakeFiles/STM32-Clion.elf.dir/Drivers/STM32F1xx_HAL_Driver/Src/stm32f1xx_hal_cortex.c.obj
LOAD CMakeFiles/STM32-Clion.elf.dir/Drivers/STM32F1xx_HAL_Driver/Src/stm32f1xx_hal_dma.c.obj
LOAD CMakeFiles/STM32-Clion.elf.dir/Drivers/STM32F1xx_HAL_Driver/Src/stm32f1xx_hal_exti.c.obj
LOAD CMakeFiles/STM32-Clion.elf.dir/Drivers/STM32F1xx_HAL_Driver/Src/stm32f1xx_hal_flash.c.obj
LOAD CMakeFiles/STM32-Clion.elf.dir/Drivers/STM32F1xx_HAL_Driver/Src/stm32f1xx_hal_flash_ex.c.obj
LOAD CMakeFiles/STM32-Clion.elf.dir/Drivers/STM32F1xx_HAL_Driver/Src/stm32f1xx_hal_gpio.c.obj
LOAD CMakeFiles/STM32-Clion.elf.dir/Drivers/STM32F1xx_HAL_Driver/Src/stm32f1xx_hal_gpio_ex.c.obj
LOAD CMakeFiles/STM32-Clion.elf.dir/Drivers/STM32F1xx_HAL_Driver/Src/stm32f1xx_hal_pwr.c.obj
LOAD CMakeFiles/STM32-Clion.elf.dir/Drivers/STM32F1xx_HAL_Driver/Src/stm32f1xx_hal_rcc.c.obj
LOAD CMakeFiles/STM32-Clion.elf.dir/Drivers/STM32F1xx_HAL_Driver/Src/stm32f1xx_hal_rcc_ex.c.obj
START GROUP
LOAD d:/dev/qrs/gcc-arm-none-eabi-10.3-2021.10-win32/gcc-arm-none-eabi-10.3-2021.10/bin/../lib/gcc/arm-none-eabi/10.3.1/thumb/v7-m/nofp\libgcc.a
LOAD d:/dev/qrs/gcc-arm-none-eabi-10.3-2021.10-win32/gcc-arm-none-eabi-10.3-2021.10/bin/../lib/gcc/arm-none-eabi/10.3.1/../../../../arm-none-eabi/lib/thumb/v7-m/nofp\libg.a
LOAD d:/dev/qrs/gcc-arm-none-eabi-10.3-2021.10-win32/gcc-arm-none-eabi-10.3-2021.10/bin/../lib/gcc/arm-none-eabi/10.3.1/../../../../arm-none-eabi/lib/thumb/v7-m/nofp\libc.a
END GROUP
LOAD d:/dev/qrs/gcc-arm-none-eabi-10.3-2021.10-win32/gcc-arm-none-eabi-10.3-2021.10/bin/../lib/gcc/arm-none-eabi/10.3.1/thumb/v7-m/nofp/crtend.o
LOAD d:/dev/qrs/gcc-arm-none-eabi-10.3-2021.10-win32/gcc-arm-none-eabi-10.3-2021.10/bin/../lib/gcc/arm-none-eabi/10.3.1/thumb/v7-m/nofp/crtn.o
                0x20010000                _estack = (ORIGIN (RAM) + LENGTH (RAM))
                0x00000200                _Min_Heap_Size = 0x200
                0x00000400                _Min_Stack_Size = 0x400

.isr_vector     0x08000000      0x1e4
                0x08000000                . = ALIGN (0x4)
 *(.isr_vector)
 .isr_vector    0x08000000      0x1e4 CMakeFiles/STM32-Clion.elf.dir/Core/Startup/startup_stm32f103zetx.s.obj
                0x08000000                g_pfnVectors
                0x080001e4                . = ALIGN (0x4)

.text           0x080001e4      0xd3c
                0x080001e4                . = ALIGN (0x4)
 *(.text)
 *(.text*)
 .text.MX_GPIO_Init
                0x080001e4       0xa8 CMakeFiles/STM32-Clion.elf.dir/Core/Src/gpio.c.obj
                0x080001e4                MX_GPIO_Init
 .text.Error_Handler
                0x0800028c        0x4 CMakeFiles/STM32-Clion.elf.dir/Core/Src/main.c.obj
                0x0800028c                Error_Handler
 .text.SystemClock_Config
                0x08000290       0x64 CMakeFiles/STM32-Clion.elf.dir/Core/Src/main.c.obj
                0x08000290                SystemClock_Config
 .text.main     0x080002f4       0x24 CMakeFiles/STM32-Clion.elf.dir/Core/Src/main.c.obj
                0x080002f4                main
 .text.HAL_MspInit
                0x08000318       0x44 CMakeFiles/STM32-Clion.elf.dir/Core/Src/stm32f1xx_hal_msp.c.obj
                0x08000318                HAL_MspInit
 .text.NMI_Handler
                0x0800035c        0x2 CMakeFiles/STM32-Clion.elf.dir/Core/Src/stm32f1xx_it.c.obj
                0x0800035c                NMI_Handler
 .text.HardFault_Handler
                0x0800035e        0x2 CMakeFiles/STM32-Clion.elf.dir/Core/Src/stm32f1xx_it.c.obj
                0x0800035e                HardFault_Handler
 .text.MemManage_Handler
                0x08000360        0x2 CMakeFiles/STM32-Clion.elf.dir/Core/Src/stm32f1xx_it.c.obj
                0x08000360                MemManage_Handler
 .text.BusFault_Handler
                0x08000362        0x2 CMakeFiles/STM32-Clion.elf.dir/Core/Src/stm32f1xx_it.c.obj
                0x08000362                BusFault_Handler
 .text.UsageFault_Handler
                0x08000364        0x2 CMakeFiles/STM32-Clion.elf.dir/Core/Src/stm32f1xx_it.c.obj
                0x08000364                UsageFault_Handler
 .text.SVC_Handler
                0x08000366        0x2 CMakeFiles/STM32-Clion.elf.dir/Core/Src/stm32f1xx_it.c.obj
                0x08000366                SVC_Handler
 .text.DebugMon_Handler
                0x08000368        0x2 CMakeFiles/STM32-Clion.elf.dir/Core/Src/stm32f1xx_it.c.obj
                0x08000368                DebugMon_Handler
 .text.PendSV_Handler
                0x0800036a        0x2 CMakeFiles/STM32-Clion.elf.dir/Core/Src/stm32f1xx_it.c.obj
                0x0800036a                PendSV_Handler
 .text.SysTick_Handler
                0x0800036c        0x8 CMakeFiles/STM32-Clion.elf.dir/Core/Src/stm32f1xx_it.c.obj
                0x0800036c                SysTick_Handler
 .text.EXTI15_10_IRQHandler
                0x08000374        0xc CMakeFiles/STM32-Clion.elf.dir/Core/Src/stm32f1xx_it.c.obj
                0x08000374                EXTI15_10_IRQHandler
 .text.HAL_GPIO_EXTI_Callback
                0x08000380       0x34 CMakeFiles/STM32-Clion.elf.dir/Core/Src/stm32f1xx_it.c.obj
                0x08000380                HAL_GPIO_EXTI_Callback
 .text.SystemInit
                0x080003b4        0x2 CMakeFiles/STM32-Clion.elf.dir/Core/Src/system_stm32f1xx.c.obj
                0x080003b4                SystemInit
 *fill*         0x080003b6        0x2 
 .text.Reset_Handler
                0x080003b8       0x48 CMakeFiles/STM32-Clion.elf.dir/Core/Startup/startup_stm32f103zetx.s.obj
                0x080003b8                Reset_Handler
 .text.Default_Handler
                0x08000400        0x2 CMakeFiles/STM32-Clion.elf.dir/Core/Startup/startup_stm32f103zetx.s.obj
                0x08000400                RTC_Alarm_IRQHandler
                0x08000400                EXTI2_IRQHandler
                0x08000400                TIM8_TRG_COM_IRQHandler
                0x08000400                TIM8_CC_IRQHandler
                0x08000400                TIM1_CC_IRQHandler
                0x08000400                TIM6_IRQHandler
                0x08000400                PVD_IRQHandler
                0x08000400                SDIO_IRQHandler
                0x08000400                EXTI3_IRQHandler
                0x08000400                EXTI0_IRQHandler
                0x08000400                I2C2_EV_IRQHandler
                0x08000400                ADC1_2_IRQHandler
                0x08000400                SPI1_IRQHandler
                0x08000400                TAMPER_IRQHandler
                0x08000400                TIM8_UP_IRQHandler
                0x08000400                DMA2_Channel2_IRQHandler
                0x08000400                DMA1_Channel4_IRQHandler
                0x08000400                USART3_IRQHandler
                0x08000400                RTC_IRQHandler
                0x08000400                DMA1_Channel7_IRQHandler
                0x08000400                CAN1_RX1_IRQHandler
                0x08000400                UART5_IRQHandler
                0x08000400                ADC3_IRQHandler
                0x08000400                TIM4_IRQHandler
                0x08000400                DMA2_Channel1_IRQHandler
                0x08000400                I2C1_EV_IRQHandler
                0x08000400                DMA1_Channel6_IRQHandler
                0x08000400                UART4_IRQHandler
                0x08000400                TIM3_IRQHandler
                0x08000400                RCC_IRQHandler
                0x08000400                TIM1_TRG_COM_IRQHandler
                0x08000400                DMA1_Channel1_IRQHandler
                0x08000400                Default_Handler
                0x08000400                TIM7_IRQHandler
                0x08000400                TIM5_IRQHandler
                0x08000400                EXTI9_5_IRQHandler
                0x08000400                SPI2_IRQHandler
                0x08000400                DMA1_Channel5_IRQHandler
                0x08000400                EXTI4_IRQHandler
                0x08000400                USB_LP_CAN1_RX0_IRQHandler
                0x08000400                USB_HP_CAN1_TX_IRQHandler
                0x08000400                DMA1_Channel3_IRQHandler
                0x08000400                FSMC_IRQHandler
                0x08000400                TIM1_UP_IRQHandler
                0x08000400                WWDG_IRQHandler
                0x08000400                TIM2_IRQHandler
                0x08000400                TIM1_BRK_IRQHandler
                0x08000400                EXTI1_IRQHandler
                0x08000400                DMA2_Channel4_5_IRQHandler
                0x08000400                USART2_IRQHandler
                0x08000400                I2C2_ER_IRQHandler
                0x08000400                DMA1_Channel2_IRQHandler
                0x08000400                TIM8_BRK_IRQHandler
                0x08000400                CAN1_SCE_IRQHandler
                0x08000400                FLASH_IRQHandler
                0x08000400                USART1_IRQHandler
                0x08000400                SPI3_IRQHandler
                0x08000400                I2C1_ER_IRQHandler
                0x08000400                USBWakeUp_IRQHandler
                0x08000400                DMA2_Channel3_IRQHandler
 *fill*         0x08000402        0x2 
 .text.HAL_InitTick
                0x08000404       0x4c CMakeFiles/STM32-Clion.elf.dir/Drivers/STM32F1xx_HAL_Driver/Src/stm32f1xx_hal.c.obj
                0x08000404                HAL_InitTick
 .text.HAL_Init
                0x08000450       0x24 CMakeFiles/STM32-Clion.elf.dir/Drivers/STM32F1xx_HAL_Driver/Src/stm32f1xx_hal.c.obj
                0x08000450                HAL_Init
 .text.HAL_IncTick
                0x08000474       0x18 CMakeFiles/STM32-Clion.elf.dir/Drivers/STM32F1xx_HAL_Driver/Src/stm32f1xx_hal.c.obj
                0x08000474                HAL_IncTick
 .text.HAL_GetTick
                0x0800048c        0xc CMakeFiles/STM32-Clion.elf.dir/Drivers/STM32F1xx_HAL_Driver/Src/stm32f1xx_hal.c.obj
                0x0800048c                HAL_GetTick
 .text.HAL_Delay
                0x08000498       0x28 CMakeFiles/STM32-Clion.elf.dir/Drivers/STM32F1xx_HAL_Driver/Src/stm32f1xx_hal.c.obj
                0x08000498                HAL_Delay
 .text.HAL_NVIC_SetPriorityGrouping
                0x080004c0       0x24 CMakeFiles/STM32-Clion.elf.dir/Drivers/STM32F1xx_HAL_Driver/Src/stm32f1xx_hal_cortex.c.obj
                0x080004c0                HAL_NVIC_SetPriorityGrouping
 .text.HAL_NVIC_SetPriority
                0x080004e4       0x70 CMakeFiles/STM32-Clion.elf.dir/Drivers/STM32F1xx_HAL_Driver/Src/stm32f1xx_hal_cortex.c.obj
                0x080004e4                HAL_NVIC_SetPriority
 .text.HAL_NVIC_EnableIRQ
                0x08000554       0x1c CMakeFiles/STM32-Clion.elf.dir/Drivers/STM32F1xx_HAL_Driver/Src/stm32f1xx_hal_cortex.c.obj
                0x08000554                HAL_NVIC_EnableIRQ
 .text.HAL_SYSTICK_Config
                0x08000570       0x28 CMakeFiles/STM32-Clion.elf.dir/Drivers/STM32F1xx_HAL_Driver/Src/stm32f1xx_hal_cortex.c.obj
                0x08000570                HAL_SYSTICK_Config
 .text.HAL_GPIO_Init
                0x08000598      0x240 CMakeFiles/STM32-Clion.elf.dir/Drivers/STM32F1xx_HAL_Driver/Src/stm32f1xx_hal_gpio.c.obj
                0x08000598                HAL_GPIO_Init
 .text.HAL_GPIO_ReadPin
                0x080007d8        0xe CMakeFiles/STM32-Clion.elf.dir/Drivers/STM32F1xx_HAL_Driver/Src/stm32f1xx_hal_gpio.c.obj
                0x080007d8                HAL_GPIO_ReadPin
 .text.HAL_GPIO_WritePin
                0x080007e6        0xc CMakeFiles/STM32-Clion.elf.dir/Drivers/STM32F1xx_HAL_Driver/Src/stm32f1xx_hal_gpio.c.obj
                0x080007e6                HAL_GPIO_WritePin
 .text.HAL_GPIO_TogglePin
                0x080007f2       0x12 CMakeFiles/STM32-Clion.elf.dir/Drivers/STM32F1xx_HAL_Driver/Src/stm32f1xx_hal_gpio.c.obj
                0x080007f2                HAL_GPIO_TogglePin
 .text.HAL_GPIO_EXTI_IRQHandler
                0x08000804       0x1c CMakeFiles/STM32-Clion.elf.dir/Drivers/STM32F1xx_HAL_Driver/Src/stm32f1xx_hal_gpio.c.obj
                0x08000804                HAL_GPIO_EXTI_IRQHandler
 .text.RCC_Delay
                0x08000820       0x2c CMakeFiles/STM32-Clion.elf.dir/Drivers/STM32F1xx_HAL_Driver/Src/stm32f1xx_hal_rcc.c.obj
 .text.HAL_RCC_OscConfig
                0x0800084c      0x410 CMakeFiles/STM32-Clion.elf.dir/Drivers/STM32F1xx_HAL_Driver/Src/stm32f1xx_hal_rcc.c.obj
                0x0800084c                HAL_RCC_OscConfig
 .text.HAL_RCC_GetSysClockFreq
                0x08000c5c       0x54 CMakeFiles/STM32-Clion.elf.dir/Drivers/STM32F1xx_HAL_Driver/Src/stm32f1xx_hal_rcc.c.obj
                0x08000c5c                HAL_RCC_GetSysClockFreq
 .text.HAL_RCC_ClockConfig
                0x08000cb0      0x16c CMakeFiles/STM32-Clion.elf.dir/Drivers/STM32F1xx_HAL_Driver/Src/stm32f1xx_hal_rcc.c.obj
                0x08000cb0                HAL_RCC_ClockConfig
 .text.__libc_init_array
                0x08000e1c       0x48 d:/dev/qrs/gcc-arm-none-eabi-10.3-2021.10-win32/gcc-arm-none-eabi-10.3-2021.10/bin/../lib/gcc/arm-none-eabi/10.3.1/../../../../arm-none-eabi/lib/thumb/v7-m/nofp\libg.a(lib_a-init.o)
                0x08000e1c                __libc_init_array
 .text.memset   0x08000e64       0xa4 d:/dev/qrs/gcc-arm-none-eabi-10.3-2021.10-win32/gcc-arm-none-eabi-10.3-2021.10/bin/../lib/gcc/arm-none-eabi/10.3.1/../../../../arm-none-eabi/lib/thumb/v7-m/nofp\libg.a(lib_a-memset.o)
                0x08000e64                memset
 *(.glue_7)
 .glue_7        0x08000f08        0x0 linker stubs
 *(.glue_7t)
 .glue_7t       0x08000f08        0x0 linker stubs
 *(.eh_frame)
 *(.init)
 .init          0x08000f08        0x4 d:/dev/qrs/gcc-arm-none-eabi-10.3-2021.10-win32/gcc-arm-none-eabi-10.3-2021.10/bin/../lib/gcc/arm-none-eabi/10.3.1/thumb/v7-m/nofp/crti.o
                0x08000f08                _init
 .init          0x08000f0c        0x8 d:/dev/qrs/gcc-arm-none-eabi-10.3-2021.10-win32/gcc-arm-none-eabi-10.3-2021.10/bin/../lib/gcc/arm-none-eabi/10.3.1/thumb/v7-m/nofp/crtn.o
 *(.fini)
 .fini          0x08000f14        0x4 d:/dev/qrs/gcc-arm-none-eabi-10.3-2021.10-win32/gcc-arm-none-eabi-10.3-2021.10/bin/../lib/gcc/arm-none-eabi/10.3.1/thumb/v7-m/nofp/crti.o
                0x08000f14                _fini
 .fini          0x08000f18        0x8 d:/dev/qrs/gcc-arm-none-eabi-10.3-2021.10-win32/gcc-arm-none-eabi-10.3-2021.10/bin/../lib/gcc/arm-none-eabi/10.3.1/thumb/v7-m/nofp/crtn.o
                0x08000f20                . = ALIGN (0x4)
                0x08000f20                _etext = .

.vfp11_veneer   0x08000f20        0x0
 .vfp11_veneer  0x08000f20        0x0 linker stubs

.v4_bx          0x08000f20        0x0
 .v4_bx         0x08000f20        0x0 linker stubs

.iplt           0x08000f20        0x0
 .iplt          0x08000f20        0x0 CMakeFiles/STM32-Clion.elf.dir/Core/Src/gpio.c.obj

.rodata         0x08000f20       0x2c
                0x08000f20                . = ALIGN (0x4)
 *(.rodata)
 .rodata        0x08000f20        0x6 CMakeFiles/STM32-Clion.elf.dir/Core/Src/main.c.obj
 *(.rodata*)
 *fill*         0x08000f26        0x2 
 .rodata.AHBPrescTable
                0x08000f28       0x10 CMakeFiles/STM32-Clion.elf.dir/Core/Src/system_stm32f1xx.c.obj
                0x08000f28                AHBPrescTable
 .rodata.aPLLMULFactorTable.1
                0x08000f38       0x10 CMakeFiles/STM32-Clion.elf.dir/Drivers/STM32F1xx_HAL_Driver/Src/stm32f1xx_hal_rcc.c.obj
 .rodata.aPredivFactorTable.0
                0x08000f48        0x2 CMakeFiles/STM32-Clion.elf.dir/Drivers/STM32F1xx_HAL_Driver/Src/stm32f1xx_hal_rcc.c.obj
                0x08000f4c                . = ALIGN (0x4)
 *fill*         0x08000f4a        0x2 
                0x08000f4c                _sidata = LOADADDR (.data)

.rel.dyn        0x08000f4c        0x0
 .rel.iplt      0x08000f4c        0x0 CMakeFiles/STM32-Clion.elf.dir/Core/Src/gpio.c.obj

.data           0x20000000        0xc load address 0x08000f4c
                0x20000000                . = ALIGN (0x4)
                0x20000000                _sdata = .
 *(.data)
 *(.data*)
 .data.SystemCoreClock
                0x20000000        0x4 CMakeFiles/STM32-Clion.elf.dir/Core/Src/system_stm32f1xx.c.obj
                0x20000000                SystemCoreClock
 .data.uwTickFreq
                0x20000004        0x1 CMakeFiles/STM32-Clion.elf.dir/Drivers/STM32F1xx_HAL_Driver/Src/stm32f1xx_hal.c.obj
                0x20000004                uwTickFreq
 *fill*         0x20000005        0x3 
 .data.uwTickPrio
                0x20000008        0x4 CMakeFiles/STM32-Clion.elf.dir/Drivers/STM32F1xx_HAL_Driver/Src/stm32f1xx_hal.c.obj
                0x20000008                uwTickPrio
 *(.RamFunc)
 *(.RamFunc*)
                0x2000000c                . = ALIGN (0x4)
                0x2000000c                _edata = .

.igot.plt       0x2000000c        0x0 load address 0x08000f58
 .igot.plt      0x2000000c        0x0 CMakeFiles/STM32-Clion.elf.dir/Core/Src/gpio.c.obj
                0x2000000c                . = ALIGN (0x4)

.bss            0x2000000c        0x4 load address 0x08000f58
                0x2000000c                _sbss = .
                0x2000000c                __bss_start__ = _sbss
 *(.bss)
 *(.bss*)
 .bss.uwTick    0x2000000c        0x4 CMakeFiles/STM32-Clion.elf.dir/Drivers/STM32F1xx_HAL_Driver/Src/stm32f1xx_hal.c.obj
                0x2000000c                uwTick
 *(COMMON)
                0x20000010                . = ALIGN (0x4)
                0x20000010                _ebss = .
                0x20000010                __bss_end__ = _ebss

._user_heap_stack
                0x20000010      0x600 load address 0x08000f58
                0x20000010                . = ALIGN (0x8)
                [!provide]                PROVIDE (end = .)
                0x20000010                PROVIDE (_end = .)
                0x20000210                . = (. + _Min_Heap_Size)
 *fill*         0x20000010      0x200 
                0x20000610                . = (. + _Min_Stack_Size)
 *fill*         0x20000210      0x400 
                0x20000610                . = ALIGN (0x8)

/DISCARD/
 libc.a(*)
 libm.a(*)
 libgcc.a(*)

.ARM.attributes
                0x00000000       0x29
 *(.ARM.attributes)
 .ARM.attributes
                0x00000000       0x1d d:/dev/qrs/gcc-arm-none-eabi-10.3-2021.10-win32/gcc-arm-none-eabi-10.3-2021.10/bin/../lib/gcc/arm-none-eabi/10.3.1/thumb/v7-m/nofp/crti.o
 .ARM.attributes
                0x0000001d       0x2d CMakeFiles/STM32-Clion.elf.dir/Core/Src/gpio.c.obj
 .ARM.attributes
                0x0000004a       0x2d CMakeFiles/STM32-Clion.elf.dir/Core/Src/main.c.obj
 .ARM.attributes
                0x00000077       0x2d CMakeFiles/STM32-Clion.elf.dir/Core/Src/stm32f1xx_hal_msp.c.obj
 .ARM.attributes
                0x000000a4       0x2d CMakeFiles/STM32-Clion.elf.dir/Core/Src/stm32f1xx_it.c.obj
 .ARM.attributes
                0x000000d1       0x2d CMakeFiles/STM32-Clion.elf.dir/Core/Src/system_stm32f1xx.c.obj
 .ARM.attributes
                0x000000fe       0x21 CMakeFiles/STM32-Clion.elf.dir/Core/Startup/startup_stm32f103zetx.s.obj
 .ARM.attributes
                0x0000011f       0x2d CMakeFiles/STM32-Clion.elf.dir/Drivers/STM32F1xx_HAL_Driver/Src/stm32f1xx_hal.c.obj
 .ARM.attributes
                0x0000014c       0x2d CMakeFiles/STM32-Clion.elf.dir/Drivers/STM32F1xx_HAL_Driver/Src/stm32f1xx_hal_cortex.c.obj
 .ARM.attributes
                0x00000179       0x2d CMakeFiles/STM32-Clion.elf.dir/Drivers/STM32F1xx_HAL_Driver/Src/stm32f1xx_hal_gpio.c.obj
 .ARM.attributes
                0x000001a6       0x2d CMakeFiles/STM32-Clion.elf.dir/Drivers/STM32F1xx_HAL_Driver/Src/stm32f1xx_hal_rcc.c.obj
 .ARM.attributes
                0x000001d3       0x2d d:/dev/qrs/gcc-arm-none-eabi-10.3-2021.10-win32/gcc-arm-none-eabi-10.3-2021.10/bin/../lib/gcc/arm-none-eabi/10.3.1/../../../../arm-none-eabi/lib/thumb/v7-m/nofp\libg.a(lib_a-init.o)
 .ARM.attributes
                0x00000200       0x2d d:/dev/qrs/gcc-arm-none-eabi-10.3-2021.10-win32/gcc-arm-none-eabi-10.3-2021.10/bin/../lib/gcc/arm-none-eabi/10.3.1/../../../../arm-none-eabi/lib/thumb/v7-m/nofp\libg.a(lib_a-memset.o)
 .ARM.attributes
                0x0000022d       0x1d d:/dev/qrs/gcc-arm-none-eabi-10.3-2021.10-win32/gcc-arm-none-eabi-10.3-2021.10/bin/../lib/gcc/arm-none-eabi/10.3.1/thumb/v7-m/nofp/crtn.o
OUTPUT(STM32-Clion.elf elf32-littlearm)
LOAD linker stubs
LOAD d:/dev/qrs/gcc-arm-none-eabi-10.3-2021.10-win32/gcc-arm-none-eabi-10.3-2021.10/bin/../lib/gcc/arm-none-eabi/10.3.1/../../../../arm-none-eabi/lib/thumb/v7-m/nofp\libc.a
LOAD d:/dev/qrs/gcc-arm-none-eabi-10.3-2021.10-win32/gcc-arm-none-eabi-10.3-2021.10/bin/../lib/gcc/arm-none-eabi/10.3.1/../../../../arm-none-eabi/lib/thumb/v7-m/nofp\libm.a
LOAD d:/dev/qrs/gcc-arm-none-eabi-10.3-2021.10-win32/gcc-arm-none-eabi-10.3-2021.10/bin/../lib/gcc/arm-none-eabi/10.3.1/thumb/v7-m/nofp\libgcc.a

.debug_info     0x00000000     0x3654
 .debug_info    0x00000000      0x50d CMakeFiles/STM32-Clion.elf.dir/Core/Src/gpio.c.obj
 .debug_info    0x0000050d      0x35d CMakeFiles/STM32-Clion.elf.dir/Core/Src/main.c.obj
 .debug_info    0x0000086a      0x211 CMakeFiles/STM32-Clion.elf.dir/Core/Src/stm32f1xx_hal_msp.c.obj
 .debug_info    0x00000a7b      0x2c7 CMakeFiles/STM32-Clion.elf.dir/Core/Src/stm32f1xx_it.c.obj
 .debug_info    0x00000d42      0x248 CMakeFiles/STM32-Clion.elf.dir/Core/Src/system_stm32f1xx.c.obj
 .debug_info    0x00000f8a       0x22 CMakeFiles/STM32-Clion.elf.dir/Core/Startup/startup_stm32f103zetx.s.obj
 .debug_info    0x00000fac      0x80e CMakeFiles/STM32-Clion.elf.dir/Drivers/STM32F1xx_HAL_Driver/Src/stm32f1xx_hal.c.obj
 .debug_info    0x000017ba      0xdf0 CMakeFiles/STM32-Clion.elf.dir/Drivers/STM32F1xx_HAL_Driver/Src/stm32f1xx_hal_cortex.c.obj
 .debug_info    0x000025aa      0x66f CMakeFiles/STM32-Clion.elf.dir/Drivers/STM32F1xx_HAL_Driver/Src/stm32f1xx_hal_gpio.c.obj
 .debug_info    0x00002c19      0xa3b CMakeFiles/STM32-Clion.elf.dir/Drivers/STM32F1xx_HAL_Driver/Src/stm32f1xx_hal_rcc.c.obj

.debug_abbrev   0x00000000      0xfe2
 .debug_abbrev  0x00000000      0x158 CMakeFiles/STM32-Clion.elf.dir/Core/Src/gpio.c.obj
 .debug_abbrev  0x00000158      0x185 CMakeFiles/STM32-Clion.elf.dir/Core/Src/main.c.obj
 .debug_abbrev  0x000002dd       0xe5 CMakeFiles/STM32-Clion.elf.dir/Core/Src/stm32f1xx_hal_msp.c.obj
 .debug_abbrev  0x000003c2      0x13b CMakeFiles/STM32-Clion.elf.dir/Core/Src/stm32f1xx_it.c.obj
 .debug_abbrev  0x000004fd      0x13e CMakeFiles/STM32-Clion.elf.dir/Core/Src/system_stm32f1xx.c.obj
 .debug_abbrev  0x0000063b       0x12 CMakeFiles/STM32-Clion.elf.dir/Core/Startup/startup_stm32f103zetx.s.obj
 .debug_abbrev  0x0000064d      0x1f4 CMakeFiles/STM32-Clion.elf.dir/Drivers/STM32F1xx_HAL_Driver/Src/stm32f1xx_hal.c.obj
 .debug_abbrev  0x00000841      0x341 CMakeFiles/STM32-Clion.elf.dir/Drivers/STM32F1xx_HAL_Driver/Src/stm32f1xx_hal_cortex.c.obj
 .debug_abbrev  0x00000b82      0x1e6 CMakeFiles/STM32-Clion.elf.dir/Drivers/STM32F1xx_HAL_Driver/Src/stm32f1xx_hal_gpio.c.obj
 .debug_abbrev  0x00000d68      0x27a CMakeFiles/STM32-Clion.elf.dir/Drivers/STM32F1xx_HAL_Driver/Src/stm32f1xx_hal_rcc.c.obj

.debug_aranges  0x00000000      0x388
 .debug_aranges
                0x00000000       0x20 CMakeFiles/STM32-Clion.elf.dir/Core/Src/gpio.c.obj
 .debug_aranges
                0x00000020       0x30 CMakeFiles/STM32-Clion.elf.dir/Core/Src/main.c.obj
 .debug_aranges
                0x00000050       0x20 CMakeFiles/STM32-Clion.elf.dir/Core/Src/stm32f1xx_hal_msp.c.obj
 .debug_aranges
                0x00000070       0x70 CMakeFiles/STM32-Clion.elf.dir/Core/Src/stm32f1xx_it.c.obj
 .debug_aranges
                0x000000e0       0x28 CMakeFiles/STM32-Clion.elf.dir/Core/Src/system_stm32f1xx.c.obj
 .debug_aranges
                0x00000108       0x28 CMakeFiles/STM32-Clion.elf.dir/Core/Startup/startup_stm32f103zetx.s.obj
 .debug_aranges
                0x00000130       0xe0 CMakeFiles/STM32-Clion.elf.dir/Drivers/STM32F1xx_HAL_Driver/Src/stm32f1xx_hal.c.obj
 .debug_aranges
                0x00000210       0x90 CMakeFiles/STM32-Clion.elf.dir/Drivers/STM32F1xx_HAL_Driver/Src/stm32f1xx_hal_cortex.c.obj
 .debug_aranges
                0x000002a0       0x58 CMakeFiles/STM32-Clion.elf.dir/Drivers/STM32F1xx_HAL_Driver/Src/stm32f1xx_hal_gpio.c.obj
 .debug_aranges
                0x000002f8       0x90 CMakeFiles/STM32-Clion.elf.dir/Drivers/STM32F1xx_HAL_Driver/Src/stm32f1xx_hal_rcc.c.obj

.debug_ranges   0x00000000      0x370
 .debug_ranges  0x00000000       0x10 CMakeFiles/STM32-Clion.elf.dir/Core/Src/gpio.c.obj
 .debug_ranges  0x00000010       0x20 CMakeFiles/STM32-Clion.elf.dir/Core/Src/main.c.obj
 .debug_ranges  0x00000030       0x10 CMakeFiles/STM32-Clion.elf.dir/Core/Src/stm32f1xx_hal_msp.c.obj
 .debug_ranges  0x00000040       0x60 CMakeFiles/STM32-Clion.elf.dir/Core/Src/stm32f1xx_it.c.obj
 .debug_ranges  0x000000a0       0x18 CMakeFiles/STM32-Clion.elf.dir/Core/Src/system_stm32f1xx.c.obj
 .debug_ranges  0x000000b8       0x20 CMakeFiles/STM32-Clion.elf.dir/Core/Startup/startup_stm32f103zetx.s.obj
 .debug_ranges  0x000000d8       0xd0 CMakeFiles/STM32-Clion.elf.dir/Drivers/STM32F1xx_HAL_Driver/Src/stm32f1xx_hal.c.obj
 .debug_ranges  0x000001a8       0xe0 CMakeFiles/STM32-Clion.elf.dir/Drivers/STM32F1xx_HAL_Driver/Src/stm32f1xx_hal_cortex.c.obj
 .debug_ranges  0x00000288       0x48 CMakeFiles/STM32-Clion.elf.dir/Drivers/STM32F1xx_HAL_Driver/Src/stm32f1xx_hal_gpio.c.obj
 .debug_ranges  0x000002d0       0xa0 CMakeFiles/STM32-Clion.elf.dir/Drivers/STM32F1xx_HAL_Driver/Src/stm32f1xx_hal_rcc.c.obj

.debug_line     0x00000000     0x2d0d
 .debug_line    0x00000000      0x268 CMakeFiles/STM32-Clion.elf.dir/Core/Src/gpio.c.obj
 .debug_line    0x00000268      0x348 CMakeFiles/STM32-Clion.elf.dir/Core/Src/main.c.obj
 .debug_line    0x000005b0      0x1c6 CMakeFiles/STM32-Clion.elf.dir/Core/Src/stm32f1xx_hal_msp.c.obj
 .debug_line    0x00000776      0x357 CMakeFiles/STM32-Clion.elf.dir/Core/Src/stm32f1xx_it.c.obj
 .debug_line    0x00000acd      0x290 CMakeFiles/STM32-Clion.elf.dir/Core/Src/system_stm32f1xx.c.obj
 .debug_line    0x00000d5d       0x9b CMakeFiles/STM32-Clion.elf.dir/Core/Startup/startup_stm32f103zetx.s.obj
 .debug_line    0x00000df8      0x5a6 CMakeFiles/STM32-Clion.elf.dir/Drivers/STM32F1xx_HAL_Driver/Src/stm32f1xx_hal.c.obj
 .debug_line    0x0000139e      0x69a CMakeFiles/STM32-Clion.elf.dir/Drivers/STM32F1xx_HAL_Driver/Src/stm32f1xx_hal_cortex.c.obj
 .debug_line    0x00001a38      0x656 CMakeFiles/STM32-Clion.elf.dir/Drivers/STM32F1xx_HAL_Driver/Src/stm32f1xx_hal_gpio.c.obj
 .debug_line    0x0000208e      0xc7f CMakeFiles/STM32-Clion.elf.dir/Drivers/STM32F1xx_HAL_Driver/Src/stm32f1xx_hal_rcc.c.obj

.debug_str      0x00000000     0x1471
 .debug_str     0x00000000      0x639 CMakeFiles/STM32-Clion.elf.dir/Core/Src/gpio.c.obj
                                0x684 (size before relaxing)
 .debug_str     0x00000639      0x1e0 CMakeFiles/STM32-Clion.elf.dir/Core/Src/main.c.obj
                                0x3a1 (size before relaxing)
 .debug_str     0x00000819       0x6e CMakeFiles/STM32-Clion.elf.dir/Core/Src/stm32f1xx_hal_msp.c.obj
                                0x245 (size before relaxing)
 .debug_str     0x00000887      0x147 CMakeFiles/STM32-Clion.elf.dir/Core/Src/stm32f1xx_it.c.obj
                                0x31f (size before relaxing)
 .debug_str     0x000009ce       0x92 CMakeFiles/STM32-Clion.elf.dir/Core/Src/system_stm32f1xx.c.obj
                                0x27a (size before relaxing)
 .debug_str     0x00000a60       0x4a CMakeFiles/STM32-Clion.elf.dir/Core/Startup/startup_stm32f103zetx.s.obj
                                 0x73 (size before relaxing)
 .debug_str     0x00000aaa      0x318 CMakeFiles/STM32-Clion.elf.dir/Drivers/STM32F1xx_HAL_Driver/Src/stm32f1xx_hal.c.obj
                                0x92e (size before relaxing)
 .debug_str     0x00000dc2      0x3c6 CMakeFiles/STM32-Clion.elf.dir/Drivers/STM32F1xx_HAL_Driver/Src/stm32f1xx_hal_cortex.c.obj
                                0x9dd (size before relaxing)
 .debug_str     0x00001188       0xe1 CMakeFiles/STM32-Clion.elf.dir/Drivers/STM32F1xx_HAL_Driver/Src/stm32f1xx_hal_gpio.c.obj
                                0x426 (size before relaxing)
 .debug_str     0x00001269      0x208 CMakeFiles/STM32-Clion.elf.dir/Drivers/STM32F1xx_HAL_Driver/Src/stm32f1xx_hal_rcc.c.obj
                                0x651 (size before relaxing)

.comment        0x00000000       0x49
 .comment       0x00000000       0x49 CMakeFiles/STM32-Clion.elf.dir/Core/Src/gpio.c.obj
                                 0x4a (size before relaxing)
 .comment       0x00000049       0x4a CMakeFiles/STM32-Clion.elf.dir/Core/Src/main.c.obj
 .comment       0x00000049       0x4a CMakeFiles/STM32-Clion.elf.dir/Core/Src/stm32f1xx_hal_msp.c.obj
 .comment       0x00000049       0x4a CMakeFiles/STM32-Clion.elf.dir/Core/Src/stm32f1xx_it.c.obj
 .comment       0x00000049       0x4a CMakeFiles/STM32-Clion.elf.dir/Core/Src/system_stm32f1xx.c.obj
 .comment       0x00000049       0x4a CMakeFiles/STM32-Clion.elf.dir/Drivers/STM32F1xx_HAL_Driver/Src/stm32f1xx_hal.c.obj
 .comment       0x00000049       0x4a CMakeFiles/STM32-Clion.elf.dir/Drivers/STM32F1xx_HAL_Driver/Src/stm32f1xx_hal_cortex.c.obj
 .comment       0x00000049       0x4a CMakeFiles/STM32-Clion.elf.dir/Drivers/STM32F1xx_HAL_Driver/Src/stm32f1xx_hal_gpio.c.obj
 .comment       0x00000049       0x4a CMakeFiles/STM32-Clion.elf.dir/Drivers/STM32F1xx_HAL_Driver/Src/stm32f1xx_hal_rcc.c.obj

.debug_frame    0x00000000      0x760
 .debug_frame   0x00000000       0x34 CMakeFiles/STM32-Clion.elf.dir/Core/Src/gpio.c.obj
 .debug_frame   0x00000034       0x58 CMakeFiles/STM32-Clion.elf.dir/Core/Src/main.c.obj
 .debug_frame   0x0000008c       0x28 CMakeFiles/STM32-Clion.elf.dir/Core/Src/stm32f1xx_hal_msp.c.obj
 .debug_frame   0x000000b4       0xd8 CMakeFiles/STM32-Clion.elf.dir/Core/Src/stm32f1xx_it.c.obj
 .debug_frame   0x0000018c       0x30 CMakeFiles/STM32-Clion.elf.dir/Core/Src/system_stm32f1xx.c.obj
 .debug_frame   0x000001bc      0x1cc CMakeFiles/STM32-Clion.elf.dir/Drivers/STM32F1xx_HAL_Driver/Src/stm32f1xx_hal.c.obj
 .debug_frame   0x00000388      0x118 CMakeFiles/STM32-Clion.elf.dir/Drivers/STM32F1xx_HAL_Driver/Src/stm32f1xx_hal_cortex.c.obj
 .debug_frame   0x000004a0       0xe4 CMakeFiles/STM32-Clion.elf.dir/Drivers/STM32F1xx_HAL_Driver/Src/stm32f1xx_hal_gpio.c.obj
 .debug_frame   0x00000584      0x184 CMakeFiles/STM32-Clion.elf.dir/Drivers/STM32F1xx_HAL_Driver/Src/stm32f1xx_hal_rcc.c.obj
 .debug_frame   0x00000708       0x2c d:/dev/qrs/gcc-arm-none-eabi-10.3-2021.10-win32/gcc-arm-none-eabi-10.3-2021.10/bin/../lib/gcc/arm-none-eabi/10.3.1/../../../../arm-none-eabi/lib/thumb/v7-m/nofp\libg.a(lib_a-init.o)
 .debug_frame   0x00000734       0x2c d:/dev/qrs/gcc-arm-none-eabi-10.3-2021.10-win32/gcc-arm-none-eabi-10.3-2021.10/bin/../lib/gcc/arm-none-eabi/10.3.1/../../../../arm-none-eabi/lib/thumb/v7-m/nofp\libg.a(lib_a-memset.o)

.debug_loc      0x00000000     0x142e
 .debug_loc     0x00000000       0x15 CMakeFiles/STM32-Clion.elf.dir/Core/Src/stm32f1xx_hal_msp.c.obj
 .debug_loc     0x00000015       0x25 CMakeFiles/STM32-Clion.elf.dir/Core/Src/stm32f1xx_it.c.obj
 .debug_loc     0x0000003a       0xff CMakeFiles/STM32-Clion.elf.dir/Core/Src/system_stm32f1xx.c.obj
 .debug_loc     0x00000139      0x141 CMakeFiles/STM32-Clion.elf.dir/Drivers/STM32F1xx_HAL_Driver/Src/stm32f1xx_hal.c.obj
 .debug_loc     0x0000027a      0x71f CMakeFiles/STM32-Clion.elf.dir/Drivers/STM32F1xx_HAL_Driver/Src/stm32f1xx_hal_cortex.c.obj
 .debug_loc     0x00000999      0x47d CMakeFiles/STM32-Clion.elf.dir/Drivers/STM32F1xx_HAL_Driver/Src/stm32f1xx_hal_gpio.c.obj
 .debug_loc     0x00000e16      0x618 CMakeFiles/STM32-Clion.elf.dir/Drivers/STM32F1xx_HAL_Driver/Src/stm32f1xx_hal_rcc.c.obj
